[2026-06-18T11:31:08.215+0000] {processor.py:157} INFO - Started process (PID=14788) to work on /opt/airflow/dags/dagEmail.py
[2026-06-18T11:31:08.216+0000] {processor.py:829} INFO - Processing file /opt/airflow/dags/dagEmail.py for tasks to queue
[2026-06-18T11:31:08.217+0000] {logging_mixin.py:154} INFO - [2026-06-18T11:31:08.216+0000] {dagbag.py:536} INFO - Filling up the DagBag from /opt/airflow/dags/dagEmail.py
[2026-06-18T11:31:08.229+0000] {processor.py:839} INFO - DAG(s) dict_keys(['report_hourly_dag']) retrieved from /opt/airflow/dags/dagEmail.py
[2026-06-18T11:31:08.329+0000] {logging_mixin.py:154} INFO - [2026-06-18T11:31:08.329+0000] {manager.py:499} INFO - Created Permission View: %s
[2026-06-18T11:31:08.339+0000] {logging_mixin.py:154} INFO - [2026-06-18T11:31:08.339+0000] {manager.py:499} INFO - Created Permission View: %s
[2026-06-18T11:31:08.344+0000] {logging_mixin.py:154} INFO - [2026-06-18T11:31:08.344+0000] {manager.py:499} INFO - Created Permission View: %s
[2026-06-18T11:31:08.344+0000] {logging_mixin.py:154} INFO - [2026-06-18T11:31:08.344+0000] {dag.py:2941} INFO - Sync 1 DAGs
[2026-06-18T11:31:08.357+0000] {logging_mixin.py:154} INFO - [2026-06-18T11:31:08.357+0000] {dag.py:2963} INFO - Creating ORM DAG for report_hourly_dag
[2026-06-18T11:31:08.371+0000] {logging_mixin.py:154} INFO - [2026-06-18T11:31:08.371+0000] {dag.py:3722} INFO - Setting next_dagrun for report_hourly_dag to 2026-06-18T01:58:00+00:00, run_after=2026-06-18T01:59:00+00:00
[2026-06-18T11:31:08.384+0000] {processor.py:179} INFO - Processing /opt/airflow/dags/dagEmail.py took 0.172 seconds
[2026-06-18T11:31:38.609+0000] {processor.py:157} INFO - Started process (PID=14803) to work on /opt/airflow/dags/dagEmail.py
[2026-06-18T11:31:38.613+0000] {processor.py:829} INFO - Processing file /opt/airflow/dags/dagEmail.py for tasks to queue
[2026-06-18T11:31:38.614+0000] {logging_mixin.py:154} INFO - [2026-06-18T11:31:38.614+0000] {dagbag.py:536} INFO - Filling up the DagBag from /opt/airflow/dags/dagEmail.py
[2026-06-18T11:31:38.627+0000] {processor.py:839} INFO - DAG(s) dict_keys(['report_hourly_dag']) retrieved from /opt/airflow/dags/dagEmail.py
[2026-06-18T11:31:38.646+0000] {logging_mixin.py:154} INFO - [2026-06-18T11:31:38.645+0000] {dag.py:2941} INFO - Sync 1 DAGs
[2026-06-18T11:31:38.665+0000] {logging_mixin.py:154} INFO - [2026-06-18T11:31:38.665+0000] {dag.py:3722} INFO - Setting next_dagrun for report_hourly_dag to 2026-06-18T01:58:00+00:00, run_after=2026-06-18T01:59:00+00:00
[2026-06-18T11:31:38.677+0000] {processor.py:179} INFO - Processing /opt/airflow/dags/dagEmail.py took 0.072 seconds
[2026-06-18T11:32:08.900+0000] {processor.py:157} INFO - Started process (PID=14818) to work on /opt/airflow/dags/dagEmail.py
[2026-06-18T11:32:08.903+0000] {processor.py:829} INFO - Processing file /opt/airflow/dags/dagEmail.py for tasks to queue
[2026-06-18T11:32:08.906+0000] {logging_mixin.py:154} INFO - [2026-06-18T11:32:08.905+0000] {dagbag.py:536} INFO - Filling up the DagBag from /opt/airflow/dags/dagEmail.py
[2026-06-18T11:32:08.941+0000] {processor.py:839} INFO - DAG(s) dict_keys(['report_hourly_dag']) retrieved from /opt/airflow/dags/dagEmail.py
[2026-06-18T11:32:08.984+0000] {logging_mixin.py:154} INFO - [2026-06-18T11:32:08.983+0000] {dag.py:2941} INFO - Sync 1 DAGs
[2026-06-18T11:32:09.017+0000] {logging_mixin.py:154} INFO - [2026-06-18T11:32:09.017+0000] {dag.py:3722} INFO - Setting next_dagrun for report_hourly_dag to 2026-06-18T01:58:00+00:00, run_after=2026-06-18T01:59:00+00:00
[2026-06-18T11:32:09.038+0000] {processor.py:179} INFO - Processing /opt/airflow/dags/dagEmail.py took 0.151 seconds
[2026-06-18T11:32:39.203+0000] {processor.py:157} INFO - Started process (PID=14833) to work on /opt/airflow/dags/dagEmail.py
[2026-06-18T11:32:39.204+0000] {processor.py:829} INFO - Processing file /opt/airflow/dags/dagEmail.py for tasks to queue
[2026-06-18T11:32:39.205+0000] {logging_mixin.py:154} INFO - [2026-06-18T11:32:39.205+0000] {dagbag.py:536} INFO - Filling up the DagBag from /opt/airflow/dags/dagEmail.py
[2026-06-18T11:32:39.223+0000] {processor.py:839} INFO - DAG(s) dict_keys(['report_hourly_dag']) retrieved from /opt/airflow/dags/dagEmail.py
[2026-06-18T11:32:39.252+0000] {logging_mixin.py:154} INFO - [2026-06-18T11:32:39.252+0000] {dag.py:2941} INFO - Sync 1 DAGs
[2026-06-18T11:32:39.280+0000] {logging_mixin.py:154} INFO - [2026-06-18T11:32:39.280+0000] {dag.py:3722} INFO - Setting next_dagrun for report_hourly_dag to 2026-06-18T01:58:00+00:00, run_after=2026-06-18T01:59:00+00:00
[2026-06-18T11:32:39.301+0000] {processor.py:179} INFO - Processing /opt/airflow/dags/dagEmail.py took 0.106 seconds
[2026-06-18T11:33:09.530+0000] {processor.py:157} INFO - Started process (PID=14848) to work on /opt/airflow/dags/dagEmail.py
[2026-06-18T11:33:09.531+0000] {processor.py:829} INFO - Processing file /opt/airflow/dags/dagEmail.py for tasks to queue
[2026-06-18T11:33:09.532+0000] {logging_mixin.py:154} INFO - [2026-06-18T11:33:09.531+0000] {dagbag.py:536} INFO - Filling up the DagBag from /opt/airflow/dags/dagEmail.py
[2026-06-18T11:33:09.541+0000] {processor.py:839} INFO - DAG(s) dict_keys(['report_hourly_dag']) retrieved from /opt/airflow/dags/dagEmail.py
[2026-06-18T11:33:09.563+0000] {logging_mixin.py:154} INFO - [2026-06-18T11:33:09.563+0000] {dag.py:2941} INFO - Sync 1 DAGs
[2026-06-18T11:33:09.588+0000] {logging_mixin.py:154} INFO - [2026-06-18T11:33:09.587+0000] {dag.py:3722} INFO - Setting next_dagrun for report_hourly_dag to 2026-06-18T01:58:00+00:00, run_after=2026-06-18T01:59:00+00:00
[2026-06-18T11:33:09.605+0000] {processor.py:179} INFO - Processing /opt/airflow/dags/dagEmail.py took 0.077 seconds
[2026-06-18T11:33:39.800+0000] {processor.py:157} INFO - Started process (PID=14863) to work on /opt/airflow/dags/dagEmail.py
[2026-06-18T11:33:39.802+0000] {processor.py:829} INFO - Processing file /opt/airflow/dags/dagEmail.py for tasks to queue
[2026-06-18T11:33:39.802+0000] {logging_mixin.py:154} INFO - [2026-06-18T11:33:39.802+0000] {dagbag.py:536} INFO - Filling up the DagBag from /opt/airflow/dags/dagEmail.py
[2026-06-18T11:33:39.812+0000] {processor.py:839} INFO - DAG(s) dict_keys(['report_hourly_dag']) retrieved from /opt/airflow/dags/dagEmail.py
[2026-06-18T11:33:39.832+0000] {logging_mixin.py:154} INFO - [2026-06-18T11:33:39.832+0000] {dag.py:2941} INFO - Sync 1 DAGs
[2026-06-18T11:33:39.854+0000] {logging_mixin.py:154} INFO - [2026-06-18T11:33:39.854+0000] {dag.py:3722} INFO - Setting next_dagrun for report_hourly_dag to 2026-06-18T01:58:00+00:00, run_after=2026-06-18T01:59:00+00:00
[2026-06-18T11:33:39.869+0000] {processor.py:179} INFO - Processing /opt/airflow/dags/dagEmail.py took 0.074 seconds
[2026-06-18T11:34:10.057+0000] {processor.py:157} INFO - Started process (PID=14878) to work on /opt/airflow/dags/dagEmail.py
[2026-06-18T11:34:10.058+0000] {processor.py:829} INFO - Processing file /opt/airflow/dags/dagEmail.py for tasks to queue
[2026-06-18T11:34:10.059+0000] {logging_mixin.py:154} INFO - [2026-06-18T11:34:10.059+0000] {dagbag.py:536} INFO - Filling up the DagBag from /opt/airflow/dags/dagEmail.py
[2026-06-18T11:34:10.074+0000] {processor.py:839} INFO - DAG(s) dict_keys(['report_hourly_dag']) retrieved from /opt/airflow/dags/dagEmail.py
[2026-06-18T11:34:10.098+0000] {logging_mixin.py:154} INFO - [2026-06-18T11:34:10.098+0000] {dag.py:2941} INFO - Sync 1 DAGs
[2026-06-18T11:34:10.121+0000] {logging_mixin.py:154} INFO - [2026-06-18T11:34:10.121+0000] {dag.py:3722} INFO - Setting next_dagrun for report_hourly_dag to 2026-06-18T01:58:00+00:00, run_after=2026-06-18T01:59:00+00:00
[2026-06-18T11:34:10.137+0000] {processor.py:179} INFO - Processing /opt/airflow/dags/dagEmail.py took 0.086 seconds
[2026-06-18T11:34:40.313+0000] {processor.py:157} INFO - Started process (PID=14893) to work on /opt/airflow/dags/dagEmail.py
[2026-06-18T11:34:40.322+0000] {processor.py:829} INFO - Processing file /opt/airflow/dags/dagEmail.py for tasks to queue
[2026-06-18T11:34:40.323+0000] {logging_mixin.py:154} INFO - [2026-06-18T11:34:40.322+0000] {dagbag.py:536} INFO - Filling up the DagBag from /opt/airflow/dags/dagEmail.py
[2026-06-18T11:34:40.334+0000] {processor.py:839} INFO - DAG(s) dict_keys(['report_hourly_dag']) retrieved from /opt/airflow/dags/dagEmail.py
[2026-06-18T11:34:40.352+0000] {logging_mixin.py:154} INFO - [2026-06-18T11:34:40.352+0000] {dag.py:2941} INFO - Sync 1 DAGs
[2026-06-18T11:34:40.376+0000] {logging_mixin.py:154} INFO - [2026-06-18T11:34:40.376+0000] {dag.py:3722} INFO - Setting next_dagrun for report_hourly_dag to 2026-06-18T01:58:00+00:00, run_after=2026-06-18T01:59:00+00:00
[2026-06-18T11:34:40.391+0000] {processor.py:179} INFO - Processing /opt/airflow/dags/dagEmail.py took 0.080 seconds
[2026-06-18T11:35:10.547+0000] {processor.py:157} INFO - Started process (PID=14905) to work on /opt/airflow/dags/dagEmail.py
[2026-06-18T11:35:10.548+0000] {processor.py:829} INFO - Processing file /opt/airflow/dags/dagEmail.py for tasks to queue
[2026-06-18T11:35:10.549+0000] {logging_mixin.py:154} INFO - [2026-06-18T11:35:10.549+0000] {dagbag.py:536} INFO - Filling up the DagBag from /opt/airflow/dags/dagEmail.py
[2026-06-18T11:35:10.561+0000] {processor.py:839} INFO - DAG(s) dict_keys(['report_hourly_dag']) retrieved from /opt/airflow/dags/dagEmail.py
[2026-06-18T11:35:10.579+0000] {logging_mixin.py:154} INFO - [2026-06-18T11:35:10.579+0000] {dag.py:2941} INFO - Sync 1 DAGs
[2026-06-18T11:35:10.598+0000] {logging_mixin.py:154} INFO - [2026-06-18T11:35:10.598+0000] {dag.py:3722} INFO - Setting next_dagrun for report_hourly_dag to 2026-06-18T01:58:00+00:00, run_after=2026-06-18T01:59:00+00:00
[2026-06-18T11:35:10.612+0000] {processor.py:179} INFO - Processing /opt/airflow/dags/dagEmail.py took 0.069 seconds
