[2026-06-03T15:41:18.749+0000] {manager.py:487} INFO - Processing files using up to 2 processes at a time 
[2026-06-03T15:41:18.750+0000] {manager.py:488} INFO - Process each file at most once every 30 seconds
[2026-06-03T15:41:18.750+0000] {manager.py:489} INFO - Checking for new files in /opt/airflow/dags every 300 seconds
[2026-06-03T15:41:18.750+0000] {manager.py:755} INFO - Searching for files in /opt/airflow/dags
[2026-06-03T15:41:18.752+0000] {manager.py:758} INFO - There are 1 files in /opt/airflow/dags
[2026-06-03T15:41:18.941+0000] {manager.py:887} INFO - 
================================================================================
DAG File Processing Stats

File Path                             PID  Runtime      # DAGs    # Errors  Last Runtime    Last Run
----------------------------------  -----  ---------  --------  ----------  --------------  ----------
/opt/airflow/dags/S3_UPLOAD_DAG.py    151  0.02s             0           0
================================================================================
[2026-06-03T15:41:49.053+0000] {manager.py:887} INFO - 
================================================================================
DAG File Processing Stats

File Path                             PID  Runtime      # DAGs    # Errors  Last Runtime    Last Run
----------------------------------  -----  ---------  --------  ----------  --------------  -------------------
/opt/airflow/dags/S3_UPLOAD_DAG.py    160  0.00s             1           0  0.10s           2026-06-03T15:41:19
================================================================================
[2026-06-03T15:42:19.260+0000] {manager.py:887} INFO - 
================================================================================
DAG File Processing Stats

File Path                             PID  Runtime      # DAGs    # Errors  Last Runtime    Last Run
----------------------------------  -----  ---------  --------  ----------  --------------  -------------------
/opt/airflow/dags/S3_UPLOAD_DAG.py    168  0.00s             1           0  0.10s           2026-06-03T15:41:49
================================================================================
[2026-06-03T15:42:49.443+0000] {manager.py:887} INFO - 
================================================================================
DAG File Processing Stats

File Path                             PID  Runtime      # DAGs    # Errors  Last Runtime    Last Run
----------------------------------  -----  ---------  --------  ----------  --------------  -------------------
/opt/airflow/dags/S3_UPLOAD_DAG.py    173  0.01s             1           0  0.09s           2026-06-03T15:42:19
================================================================================
[2026-06-03T15:43:19.609+0000] {manager.py:887} INFO - 
================================================================================
DAG File Processing Stats

File Path                             PID  Runtime      # DAGs    # Errors  Last Runtime    Last Run
----------------------------------  -----  ---------  --------  ----------  --------------  -------------------
/opt/airflow/dags/S3_UPLOAD_DAG.py    178  0.01s             1           0  0.10s           2026-06-03T15:42:49
================================================================================
[2026-06-03T15:43:49.791+0000] {manager.py:887} INFO - 
================================================================================
DAG File Processing Stats

File Path                             PID  Runtime      # DAGs    # Errors  Last Runtime    Last Run
----------------------------------  -----  ---------  --------  ----------  --------------  -------------------
/opt/airflow/dags/S3_UPLOAD_DAG.py    183  0.00s             1           0  0.09s           2026-06-03T15:43:19
================================================================================
[2026-06-03T15:44:19.928+0000] {manager.py:887} INFO - 
================================================================================
DAG File Processing Stats

File Path                             PID  Runtime      # DAGs    # Errors  Last Runtime    Last Run
----------------------------------  -----  ---------  --------  ----------  --------------  -------------------
/opt/airflow/dags/S3_UPLOAD_DAG.py    188  0.00s             1           0  0.10s           2026-06-03T15:43:49
================================================================================
[2026-06-03T15:44:50.139+0000] {manager.py:887} INFO - 
================================================================================
DAG File Processing Stats

File Path                             PID  Runtime      # DAGs    # Errors  Last Runtime    Last Run
----------------------------------  -----  ---------  --------  ----------  --------------  -------------------
/opt/airflow/dags/S3_UPLOAD_DAG.py    193  0.00s             1           0  0.10s           2026-06-03T15:44:20
================================================================================
[2026-06-03T15:45:20.258+0000] {manager.py:887} INFO - 
================================================================================
DAG File Processing Stats

File Path                             PID  Runtime      # DAGs    # Errors  Last Runtime    Last Run
----------------------------------  -----  ---------  --------  ----------  --------------  -------------------
/opt/airflow/dags/S3_UPLOAD_DAG.py    198  0.00s             1           0  0.09s           2026-06-03T15:44:50
================================================================================
[2026-06-03T15:45:50.471+0000] {manager.py:887} INFO - 
================================================================================
DAG File Processing Stats

File Path                             PID  Runtime      # DAGs    # Errors  Last Runtime    Last Run
----------------------------------  -----  ---------  --------  ----------  --------------  -------------------
/opt/airflow/dags/S3_UPLOAD_DAG.py    203  0.01s             1           0  0.12s           2026-06-03T15:45:20
================================================================================
